[0.007s] Invoking command in '/root/HRD_ws/ros2_ws/src/motion_planning/build/motion_planning': CMAKE_PREFIX_PATH=${CMAKE_PREFIX_PATH}:/opt/ros/humble /usr/bin/cmake /root/HRD_ws/ros2_ws/src/motion_planning -DCMAKE_INSTALL_PREFIX=/root/HRD_ws/ros2_ws/src/motion_planning/install/motion_planning
[0.228s] -- The C compiler identification is GNU 11.4.0
[0.274s] -- The CXX compiler identification is GNU 11.4.0
[0.284s] -- Detecting C compiler ABI info
[0.333s] -- Detecting C compiler ABI info - done
[0.337s] -- Check for working C compiler: /usr/bin/cc - skipped
[0.339s] -- Detecting C compile features
[0.339s] -- Detecting C compile features - done
[0.343s] -- Detecting CXX compiler ABI info
[0.388s] -- Detecting CXX compiler ABI info - done
[0.392s] -- Check for working CXX compiler: /usr/bin/c++ - skipped
[0.392s] -- Detecting CXX compile features
[0.393s] -- Detecting CXX compile features - done
[0.396s] -- Found ament_cmake: 1.3.14 (/opt/ros/humble/share/ament_cmake/cmake)
[0.488s] -- Found Python3: /usr/bin/python3 (found version "3.10.12") found components: Interpreter 
[0.562s] -- Found rclcpp: 16.0.19 (/opt/ros/humble/share/rclcpp/cmake)
[0.600s] -- Found rosidl_generator_c: 3.1.8 (/opt/ros/humble/share/rosidl_generator_c/cmake)
[0.605s] -- Found rosidl_adapter: 3.1.8 (/opt/ros/humble/share/rosidl_adapter/cmake)
[0.613s] -- Found rosidl_generator_cpp: 3.1.8 (/opt/ros/humble/share/rosidl_generator_cpp/cmake)
[0.623s] -- Using all available rosidl_typesupport_c: rosidl_typesupport_fastrtps_c;rosidl_typesupport_introspection_c
[0.637s] -- Using all available rosidl_typesupport_cpp: rosidl_typesupport_fastrtps_cpp;rosidl_typesupport_introspection_cpp
[0.677s] -- Found rmw_implementation_cmake: 6.1.2 (/opt/ros/humble/share/rmw_implementation_cmake/cmake)
[0.681s] -- Found rmw_fastrtps_cpp: 6.2.10 (/opt/ros/humble/share/rmw_fastrtps_cpp/cmake)
[0.740s] -- Found OpenSSL: /usr/lib/x86_64-linux-gnu/libcrypto.so (found version "3.0.2")  
[0.760s] -- Found FastRTPS: /opt/ros/humble/include  
[0.792s] -- Using RMW implementation 'rmw_fastrtps_cpp' as default
[0.802s] -- Looking for pthread.h
[0.845s] -- Looking for pthread.h - found
[0.845s] -- Performing Test CMAKE_HAVE_LIBC_PTHREAD
[0.889s] -- Performing Test CMAKE_HAVE_LIBC_PTHREAD - Success
[0.890s] -- Found Threads: TRUE  
[0.927s] -- Found moveit_ros_planning_interface: 2.5.9 (/opt/ros/humble/share/moveit_ros_planning_interface/cmake)
[0.952s] -- Found Boost: /usr/lib/x86_64-linux-gnu/cmake/Boost-1.74.0/BoostConfig.cmake (found version "1.74.0") found components: date_time filesystem program_options system thread 
[1.075s] -- Found Boost: /usr/lib/x86_64-linux-gnu/cmake/Boost-1.74.0/BoostConfig.cmake (found version "1.74.0") found components: chrono date_time filesystem iostreams program_options regex serialization system thread 
[1.116s] -- Found parameter_traits: 0.7.1 (/opt/ros/humble/share/parameter_traits/cmake)
[1.131s] -- Found rclcpp_lifecycle: 16.0.19 (/opt/ros/humble/share/rclcpp_lifecycle/cmake)
[1.152s] -- Found Boost: /usr/lib/x86_64-linux-gnu/cmake/Boost-1.74.0/BoostConfig.cmake (found version "1.74.0") found components: filesystem 
[1.210s] -- library: /usr/lib/x86_64-linux-gnu/libcurl.so
[1.235s] -- Found Eigen3: TRUE (found version "3.4.0") 
[1.235s] -- Ensuring Eigen3 include directory is part of orocos-kdl CMake target
[1.357s] -- Found Boost: /usr/lib/x86_64-linux-gnu/cmake/Boost-1.74.0/BoostConfig.cmake (found version "1.74.0") found components: system filesystem date_time program_options thread chrono 
[1.379s] -- Found Boost: /usr/lib/x86_64-linux-gnu/cmake/Boost-1.74.0/BoostConfig.cmake (found version "1.74.0") found components: thread system filesystem regex date_time program_options 
[1.395s] -- Found Boost: /usr/lib/x86_64-linux-gnu/cmake/Boost-1.74.0/BoostConfig.cmake (found version "1.74.0") found components: system filesystem date_time program_options thread 
[1.415s] -- Found moveit_task_constructor_core: 0.1.3 (/opt/ros/humble/share/moveit_task_constructor_core/cmake)
[1.453s] -- Found ament_lint_auto: 0.12.15 (/opt/ros/humble/share/ament_lint_auto/cmake)
[1.509s] -- Added test 'cppcheck' to perform static code analysis on C / C++ code
[1.509s] -- Configured cppcheck include dirs: $<BUILD_INTERFACE:/root/HRD_ws/ros2_ws/src/motion_planning/include>
[1.509s] -- Configured cppcheck exclude dirs and/or files: 
[1.510s] -- Added test 'flake8' to check Python code syntax and style conventions
[1.511s] -- Added test 'lint_cmake' to check CMake code style
[1.512s] -- Added test 'pep257' to check Python code against some of the docstring style conventions in PEP 257
[1.515s] -- Added test 'uncrustify' to check C / C++ code style
[1.515s] -- Configured uncrustify additional arguments: 
[1.515s] -- Added test 'xmllint' to check XML markup files
[1.516s] -- Configuring done
[1.534s] -- Generating done
[1.539s] -- Build files have been written to: /root/HRD_ws/ros2_ws/src/motion_planning/build/motion_planning
[1.549s] Invoked command in '/root/HRD_ws/ros2_ws/src/motion_planning/build/motion_planning' returned '0': CMAKE_PREFIX_PATH=${CMAKE_PREFIX_PATH}:/opt/ros/humble /usr/bin/cmake /root/HRD_ws/ros2_ws/src/motion_planning -DCMAKE_INSTALL_PREFIX=/root/HRD_ws/ros2_ws/src/motion_planning/install/motion_planning
[1.551s] Invoking command in '/root/HRD_ws/ros2_ws/src/motion_planning/build/motion_planning': CMAKE_PREFIX_PATH=${CMAKE_PREFIX_PATH}:/opt/ros/humble /usr/bin/cmake --build /root/HRD_ws/ros2_ws/src/motion_planning/build/motion_planning -- -j16 -l16
[1.579s] [ 50%] [32mBuilding CXX object CMakeFiles/planner_node.dir/src/planner_node.cpp.o[0m
[1.579s] [ 50%] [32mBuilding CXX object CMakeFiles/mock_task_publisher.dir/src/mock_task_publisher.cpp.o[0m
[4.090s] [ 75%] [32m[1mLinking CXX executable mock_task_publisher[0m
[4.205s] [ 75%] Built target mock_task_publisher
[9.145s] [100%] [32m[1mLinking CXX executable planner_node[0m
[9.566s] [100%] Built target planner_node
[9.572s] Invoked command in '/root/HRD_ws/ros2_ws/src/motion_planning/build/motion_planning' returned '0': CMAKE_PREFIX_PATH=${CMAKE_PREFIX_PATH}:/opt/ros/humble /usr/bin/cmake --build /root/HRD_ws/ros2_ws/src/motion_planning/build/motion_planning -- -j16 -l16
[9.578s] Invoking command in '/root/HRD_ws/ros2_ws/src/motion_planning/build/motion_planning': CMAKE_PREFIX_PATH=${CMAKE_PREFIX_PATH}:/opt/ros/humble /usr/bin/cmake --install /root/HRD_ws/ros2_ws/src/motion_planning/build/motion_planning
[9.582s] -- Install configuration: ""
[9.582s] -- Installing: /root/HRD_ws/ros2_ws/src/motion_planning/install/motion_planning/lib/motion_planning/planner_node
[9.584s] -- Set runtime path of "/root/HRD_ws/ros2_ws/src/motion_planning/install/motion_planning/lib/motion_planning/planner_node" to ""
[9.584s] -- Installing: /root/HRD_ws/ros2_ws/src/motion_planning/install/motion_planning/lib/motion_planning/mock_task_publisher
[9.585s] -- Set runtime path of "/root/HRD_ws/ros2_ws/src/motion_planning/install/motion_planning/lib/motion_planning/mock_task_publisher" to ""
[9.585s] -- Installing: /root/HRD_ws/ros2_ws/src/motion_planning/install/motion_planning/share/motion_planning/launch
[9.585s] -- Installing: /root/HRD_ws/ros2_ws/src/motion_planning/install/motion_planning/share/motion_planning/launch/mtc_demo.launch.py
[9.585s] -- Installing: /root/HRD_ws/ros2_ws/src/motion_planning/install/motion_planning/share/ament_index/resource_index/package_run_dependencies/motion_planning
[9.585s] -- Installing: /root/HRD_ws/ros2_ws/src/motion_planning/install/motion_planning/share/ament_index/resource_index/parent_prefix_path/motion_planning
[9.585s] -- Installing: /root/HRD_ws/ros2_ws/src/motion_planning/install/motion_planning/share/motion_planning/environment/ament_prefix_path.sh
[9.585s] -- Installing: /root/HRD_ws/ros2_ws/src/motion_planning/install/motion_planning/share/motion_planning/environment/ament_prefix_path.dsv
[9.585s] -- Installing: /root/HRD_ws/ros2_ws/src/motion_planning/install/motion_planning/share/motion_planning/environment/path.sh
[9.585s] -- Installing: /root/HRD_ws/ros2_ws/src/motion_planning/install/motion_planning/share/motion_planning/environment/path.dsv
[9.585s] -- Installing: /root/HRD_ws/ros2_ws/src/motion_planning/install/motion_planning/share/motion_planning/local_setup.bash
[9.586s] -- Installing: /root/HRD_ws/ros2_ws/src/motion_planning/install/motion_planning/share/motion_planning/local_setup.sh
[9.586s] -- Installing: /root/HRD_ws/ros2_ws/src/motion_planning/install/motion_planning/share/motion_planning/local_setup.zsh
[9.586s] -- Installing: /root/HRD_ws/ros2_ws/src/motion_planning/install/motion_planning/share/motion_planning/local_setup.dsv
[9.586s] -- Installing: /root/HRD_ws/ros2_ws/src/motion_planning/install/motion_planning/share/motion_planning/package.dsv
[9.586s] -- Installing: /root/HRD_ws/ros2_ws/src/motion_planning/install/motion_planning/share/ament_index/resource_index/packages/motion_planning
[9.586s] -- Installing: /root/HRD_ws/ros2_ws/src/motion_planning/install/motion_planning/share/motion_planning/cmake/motion_planningConfig.cmake
[9.586s] -- Installing: /root/HRD_ws/ros2_ws/src/motion_planning/install/motion_planning/share/motion_planning/cmake/motion_planningConfig-version.cmake
[9.586s] -- Installing: /root/HRD_ws/ros2_ws/src/motion_planning/install/motion_planning/share/motion_planning/package.xml
[9.587s] Invoked command in '/root/HRD_ws/ros2_ws/src/motion_planning/build/motion_planning' returned '0': CMAKE_PREFIX_PATH=${CMAKE_PREFIX_PATH}:/opt/ros/humble /usr/bin/cmake --install /root/HRD_ws/ros2_ws/src/motion_planning/build/motion_planning
