[0.065s] DEBUG:colcon:Command line arguments: ['/usr/bin/colcon', 'build', '--packages-select', 'motion_planning']
[0.065s] DEBUG:colcon:Parsed command line arguments: Namespace(log_base=None, log_level=None, verb_name='build', build_base='build', install_base='install', merge_install=False, symlink_install=False, test_result_base=None, continue_on_error=False, executor='parallel', parallel_workers=16, event_handlers=None, ignore_user_meta=False, metas=['./colcon.meta'], base_paths=['.'], packages_ignore=None, packages_ignore_regex=None, paths=None, packages_up_to=None, packages_up_to_regex=None, packages_above=None, packages_above_and_dependencies=None, packages_above_depth=None, packages_select_by_dep=None, packages_skip_by_dep=None, packages_skip_up_to=None, packages_select_build_failed=False, packages_skip_build_finished=False, packages_select_test_failures=False, packages_skip_test_passed=False, packages_select=['motion_planning'], packages_skip=None, packages_select_regex=None, packages_skip_regex=None, packages_start=None, packages_end=None, cmake_args=None, cmake_target=None, cmake_target_skip_unavailable=False, cmake_clean_cache=False, cmake_clean_first=False, cmake_force_configure=False, ament_cmake_args=None, catkin_cmake_args=None, catkin_skip_building_tests=False, mixin_files=None, mixin=None, verb_parser=<colcon_mixin.mixin.mixin_argument.MixinArgumentDecorator object at 0x7f901433be80>, verb_extension=<colcon_core.verb.build.BuildVerb object at 0x7f901433b820>, main=<bound method BuildVerb.main of <colcon_core.verb.build.BuildVerb object at 0x7f901433b820>>, mixin_verb=('build',))
[0.140s] Level 1:colcon.colcon_core.package_discovery:discover_packages(colcon_meta) check parameters
[0.141s] INFO:colcon.colcon_metadata.package_discovery.colcon_meta:Using configuration from '/root/.colcon/metadata/default/Gazebo.meta'
[0.141s] INFO:colcon.colcon_metadata.package_discovery.colcon_meta:Using configuration from '/root/.colcon/metadata/default/fastdds.meta'
[0.141s] INFO:colcon.colcon_metadata.package_discovery.colcon_meta:Using configuration from '/root/.colcon/metadata/default/fastrtps.meta'
[0.141s] Level 1:colcon.colcon_core.package_discovery:discover_packages(recursive) check parameters
[0.141s] Level 1:colcon.colcon_core.package_discovery:discover_packages(ignore) check parameters
[0.141s] Level 1:colcon.colcon_core.package_discovery:discover_packages(path) check parameters
[0.141s] Level 1:colcon.colcon_core.package_discovery:discover_packages(colcon_meta) discover
[0.141s] Level 1:colcon.colcon_core.package_discovery:discover_packages(recursive) discover
[0.141s] INFO:colcon.colcon_core.package_discovery:Crawling recursively for packages in '/root/HRD_ws/ros2_ws/src/motion_planning'
[0.141s] Level 1:colcon.colcon_core.package_identification:_identify(.) by extensions ['ignore', 'ignore_ament_install']
[0.141s] Level 1:colcon.colcon_core.package_identification:_identify(.) by extension 'ignore'
[0.141s] Level 1:colcon.colcon_core.package_identification:_identify(.) by extension 'ignore_ament_install'
[0.141s] Level 1:colcon.colcon_core.package_identification:_identify(.) by extensions ['colcon_pkg']
[0.141s] Level 1:colcon.colcon_core.package_identification:_identify(.) by extension 'colcon_pkg'
[0.142s] Level 1:colcon.colcon_core.package_identification:_identify(.) by extensions ['colcon_meta']
[0.142s] Level 1:colcon.colcon_core.package_identification:_identify(.) by extension 'colcon_meta'
[0.142s] Level 1:colcon.colcon_core.package_identification:_identify(.) by extensions ['ros']
[0.142s] Level 1:colcon.colcon_core.package_identification:_identify(.) by extension 'ros'
[0.151s] DEBUG:colcon.colcon_core.package_identification:Package '.' with type 'ros.ament_cmake' and name 'motion_planning'
[0.151s] Level 1:colcon.colcon_core.package_discovery:discover_packages(recursive) using defaults
[0.151s] Level 1:colcon.colcon_core.package_discovery:discover_packages(ignore) discover
[0.151s] Level 1:colcon.colcon_core.package_discovery:discover_packages(ignore) using defaults
[0.151s] Level 1:colcon.colcon_core.package_discovery:discover_packages(path) discover
[0.151s] Level 1:colcon.colcon_core.package_discovery:discover_packages(path) using defaults
[0.163s] Level 5:colcon.colcon_core.verb:set package 'motion_planning' build argument 'cmake_args' from command line to 'None'
[0.163s] Level 5:colcon.colcon_core.verb:set package 'motion_planning' build argument 'cmake_target' from command line to 'None'
[0.163s] Level 5:colcon.colcon_core.verb:set package 'motion_planning' build argument 'cmake_target_skip_unavailable' from command line to 'False'
[0.163s] Level 5:colcon.colcon_core.verb:set package 'motion_planning' build argument 'cmake_clean_cache' from command line to 'False'
[0.163s] Level 5:colcon.colcon_core.verb:set package 'motion_planning' build argument 'cmake_clean_first' from command line to 'False'
[0.163s] Level 5:colcon.colcon_core.verb:set package 'motion_planning' build argument 'cmake_force_configure' from command line to 'False'
[0.163s] Level 5:colcon.colcon_core.verb:set package 'motion_planning' build argument 'ament_cmake_args' from command line to 'None'
[0.163s] Level 5:colcon.colcon_core.verb:set package 'motion_planning' build argument 'catkin_cmake_args' from command line to 'None'
[0.163s] Level 5:colcon.colcon_core.verb:set package 'motion_planning' build argument 'catkin_skip_building_tests' from command line to 'False'
[0.163s] DEBUG:colcon.colcon_core.verb:Building package 'motion_planning' with the following arguments: {'ament_cmake_args': None, 'build_base': '/root/HRD_ws/ros2_ws/src/motion_planning/build/motion_planning', 'catkin_cmake_args': None, 'catkin_skip_building_tests': False, 'cmake_args': None, 'cmake_clean_cache': False, 'cmake_clean_first': False, 'cmake_force_configure': False, 'cmake_target': None, 'cmake_target_skip_unavailable': False, 'install_base': '/root/HRD_ws/ros2_ws/src/motion_planning/install/motion_planning', 'merge_install': False, 'path': '/root/HRD_ws/ros2_ws/src/motion_planning', 'symlink_install': False, 'test_result_base': None}
[0.164s] INFO:colcon.colcon_core.executor:Executing jobs using 'parallel' executor
[0.164s] DEBUG:colcon.colcon_parallel_executor.executor.parallel:run_until_complete
[0.164s] INFO:colcon.colcon_ros.task.ament_cmake.build:Building ROS package in '/root/HRD_ws/ros2_ws/src/motion_planning' with build type 'ament_cmake'
[0.164s] INFO:colcon.colcon_cmake.task.cmake.build:Building CMake package in '/root/HRD_ws/ros2_ws/src/motion_planning'
[0.166s] INFO:colcon.colcon_core.plugin_system:Skipping extension 'colcon_core.shell.bat': Not used on non-Windows systems
[0.166s] INFO:colcon.colcon_core.shell:Skip shell extension 'powershell' for command environment: Not usable outside of PowerShell
[0.166s] DEBUG:colcon.colcon_core.shell:Skip shell extension 'dsv' for command environment
[0.171s] DEBUG:colcon.colcon_core.event_handler.log_command:Invoking command in '/root/HRD_ws/ros2_ws/src/motion_planning/build/motion_planning': CMAKE_PREFIX_PATH=${CMAKE_PREFIX_PATH}:/opt/ros/humble /usr/bin/cmake /root/HRD_ws/ros2_ws/src/motion_planning -DCMAKE_INSTALL_PREFIX=/root/HRD_ws/ros2_ws/src/motion_planning/install/motion_planning
[1.713s] DEBUG:colcon.colcon_core.event_handler.log_command:Invoked command in '/root/HRD_ws/ros2_ws/src/motion_planning/build/motion_planning' returned '0': CMAKE_PREFIX_PATH=${CMAKE_PREFIX_PATH}:/opt/ros/humble /usr/bin/cmake /root/HRD_ws/ros2_ws/src/motion_planning -DCMAKE_INSTALL_PREFIX=/root/HRD_ws/ros2_ws/src/motion_planning/install/motion_planning
[1.715s] DEBUG:colcon.colcon_core.event_handler.log_command:Invoking command in '/root/HRD_ws/ros2_ws/src/motion_planning/build/motion_planning': CMAKE_PREFIX_PATH=${CMAKE_PREFIX_PATH}:/opt/ros/humble /usr/bin/cmake --build /root/HRD_ws/ros2_ws/src/motion_planning/build/motion_planning -- -j16 -l16
[9.737s] DEBUG:colcon.colcon_core.event_handler.log_command:Invoked command in '/root/HRD_ws/ros2_ws/src/motion_planning/build/motion_planning' returned '0': CMAKE_PREFIX_PATH=${CMAKE_PREFIX_PATH}:/opt/ros/humble /usr/bin/cmake --build /root/HRD_ws/ros2_ws/src/motion_planning/build/motion_planning -- -j16 -l16
[9.743s] DEBUG:colcon.colcon_core.event_handler.log_command:Invoking command in '/root/HRD_ws/ros2_ws/src/motion_planning/build/motion_planning': CMAKE_PREFIX_PATH=${CMAKE_PREFIX_PATH}:/opt/ros/humble /usr/bin/cmake --install /root/HRD_ws/ros2_ws/src/motion_planning/build/motion_planning
[9.751s] Level 1:colcon.colcon_core.environment:create_environment_scripts_only(motion_planning)
[9.752s] DEBUG:colcon.colcon_core.event_handler.log_command:Invoked command in '/root/HRD_ws/ros2_ws/src/motion_planning/build/motion_planning' returned '0': CMAKE_PREFIX_PATH=${CMAKE_PREFIX_PATH}:/opt/ros/humble /usr/bin/cmake --install /root/HRD_ws/ros2_ws/src/motion_planning/build/motion_planning
[9.754s] Level 1:colcon.colcon_core.environment:checking '/root/HRD_ws/ros2_ws/src/motion_planning/install/motion_planning' for CMake module files
[9.754s] Level 1:colcon.colcon_core.environment:checking '/root/HRD_ws/ros2_ws/src/motion_planning/install/motion_planning' for CMake config files
[9.755s] Level 1:colcon.colcon_core.shell:create_environment_hook('motion_planning', 'cmake_prefix_path')
[9.755s] INFO:colcon.colcon_core.shell:Creating environment hook '/root/HRD_ws/ros2_ws/src/motion_planning/install/motion_planning/share/motion_planning/hook/cmake_prefix_path.ps1'
[9.755s] INFO:colcon.colcon_core.shell:Creating environment descriptor '/root/HRD_ws/ros2_ws/src/motion_planning/install/motion_planning/share/motion_planning/hook/cmake_prefix_path.dsv'
[9.756s] INFO:colcon.colcon_core.shell:Creating environment hook '/root/HRD_ws/ros2_ws/src/motion_planning/install/motion_planning/share/motion_planning/hook/cmake_prefix_path.sh'
[9.757s] Level 1:colcon.colcon_core.environment:checking '/root/HRD_ws/ros2_ws/src/motion_planning/install/motion_planning/lib'
[9.757s] Level 1:colcon.colcon_core.environment:checking '/root/HRD_ws/ros2_ws/src/motion_planning/install/motion_planning/bin'
[9.757s] Level 1:colcon.colcon_core.environment:checking '/root/HRD_ws/ros2_ws/src/motion_planning/install/motion_planning/lib/pkgconfig/motion_planning.pc'
[9.759s] Level 1:colcon.colcon_core.environment:checking '/root/HRD_ws/ros2_ws/src/motion_planning/install/motion_planning/lib/python3.10/site-packages'
[9.759s] Level 1:colcon.colcon_core.environment:checking '/root/HRD_ws/ros2_ws/src/motion_planning/install/motion_planning/bin'
[9.759s] INFO:colcon.colcon_core.shell:Creating package script '/root/HRD_ws/ros2_ws/src/motion_planning/install/motion_planning/share/motion_planning/package.ps1'
[9.760s] INFO:colcon.colcon_core.shell:Creating package descriptor '/root/HRD_ws/ros2_ws/src/motion_planning/install/motion_planning/share/motion_planning/package.dsv'
[9.760s] INFO:colcon.colcon_core.shell:Creating package script '/root/HRD_ws/ros2_ws/src/motion_planning/install/motion_planning/share/motion_planning/package.sh'
[9.760s] INFO:colcon.colcon_core.shell:Creating package script '/root/HRD_ws/ros2_ws/src/motion_planning/install/motion_planning/share/motion_planning/package.bash'
[9.761s] INFO:colcon.colcon_core.shell:Creating package script '/root/HRD_ws/ros2_ws/src/motion_planning/install/motion_planning/share/motion_planning/package.zsh'
[9.761s] Level 1:colcon.colcon_core.environment:create_file_with_runtime_dependencies(/root/HRD_ws/ros2_ws/src/motion_planning/install/motion_planning/share/colcon-core/packages/motion_planning)
[9.761s] Level 1:colcon.colcon_core.environment:create_environment_scripts_only(motion_planning)
[9.762s] Level 1:colcon.colcon_core.environment:checking '/root/HRD_ws/ros2_ws/src/motion_planning/install/motion_planning' for CMake module files
[9.762s] Level 1:colcon.colcon_core.environment:checking '/root/HRD_ws/ros2_ws/src/motion_planning/install/motion_planning' for CMake config files
[9.762s] Level 1:colcon.colcon_core.shell:create_environment_hook('motion_planning', 'cmake_prefix_path')
[9.762s] INFO:colcon.colcon_core.shell:Creating environment hook '/root/HRD_ws/ros2_ws/src/motion_planning/install/motion_planning/share/motion_planning/hook/cmake_prefix_path.ps1'
[9.762s] INFO:colcon.colcon_core.shell:Creating environment descriptor '/root/HRD_ws/ros2_ws/src/motion_planning/install/motion_planning/share/motion_planning/hook/cmake_prefix_path.dsv'
[9.762s] INFO:colcon.colcon_core.shell:Creating environment hook '/root/HRD_ws/ros2_ws/src/motion_planning/install/motion_planning/share/motion_planning/hook/cmake_prefix_path.sh'
[9.763s] Level 1:colcon.colcon_core.environment:checking '/root/HRD_ws/ros2_ws/src/motion_planning/install/motion_planning/lib'
[9.763s] Level 1:colcon.colcon_core.environment:checking '/root/HRD_ws/ros2_ws/src/motion_planning/install/motion_planning/bin'
[9.763s] Level 1:colcon.colcon_core.environment:checking '/root/HRD_ws/ros2_ws/src/motion_planning/install/motion_planning/lib/pkgconfig/motion_planning.pc'
[9.763s] Level 1:colcon.colcon_core.environment:checking '/root/HRD_ws/ros2_ws/src/motion_planning/install/motion_planning/lib/python3.10/site-packages'
[9.763s] Level 1:colcon.colcon_core.environment:checking '/root/HRD_ws/ros2_ws/src/motion_planning/install/motion_planning/bin'
[9.763s] INFO:colcon.colcon_core.shell:Creating package script '/root/HRD_ws/ros2_ws/src/motion_planning/install/motion_planning/share/motion_planning/package.ps1'
[9.763s] INFO:colcon.colcon_core.shell:Creating package descriptor '/root/HRD_ws/ros2_ws/src/motion_planning/install/motion_planning/share/motion_planning/package.dsv'
[9.764s] INFO:colcon.colcon_core.shell:Creating package script '/root/HRD_ws/ros2_ws/src/motion_planning/install/motion_planning/share/motion_planning/package.sh'
[9.764s] INFO:colcon.colcon_core.shell:Creating package script '/root/HRD_ws/ros2_ws/src/motion_planning/install/motion_planning/share/motion_planning/package.bash'
[9.764s] INFO:colcon.colcon_core.shell:Creating package script '/root/HRD_ws/ros2_ws/src/motion_planning/install/motion_planning/share/motion_planning/package.zsh'
[9.764s] Level 1:colcon.colcon_core.environment:create_file_with_runtime_dependencies(/root/HRD_ws/ros2_ws/src/motion_planning/install/motion_planning/share/colcon-core/packages/motion_planning)
[9.764s] DEBUG:colcon.colcon_parallel_executor.executor.parallel:closing loop
[9.764s] DEBUG:colcon.colcon_parallel_executor.executor.parallel:loop closed
[9.764s] DEBUG:colcon.colcon_parallel_executor.executor.parallel:run_until_complete finished with '0'
[9.764s] DEBUG:colcon.colcon_core.event_reactor:joining thread
[9.774s] INFO:colcon.colcon_core.plugin_system:Skipping extension 'colcon_notification.desktop_notification.notify_send': Could not find 'notify-send'
[9.774s] INFO:colcon.colcon_core.plugin_system:Skipping extension 'colcon_notification.desktop_notification.terminal_notifier': Not used on non-Darwin systems
[9.774s] INFO:colcon.colcon_core.plugin_system:Skipping extension 'colcon_notification.desktop_notification.win32': Not used on non-Windows systems
[9.774s] INFO:colcon.colcon_notification.desktop_notification:Sending desktop notification using 'notify2'
[9.776s] DEBUG:colcon.colcon_notification.desktop_notification.notify2:Failed to initialize notify2: org.freedesktop.DBus.Error.Spawn.ExecFailed: /usr/bin/dbus-launch terminated abnormally without any error message
[9.776s] DEBUG:colcon.colcon_core.event_reactor:joined thread
[9.776s] INFO:colcon.colcon_core.shell:Creating prefix script '/root/HRD_ws/ros2_ws/src/motion_planning/install/local_setup.ps1'
[9.778s] INFO:colcon.colcon_core.shell:Creating prefix util module '/root/HRD_ws/ros2_ws/src/motion_planning/install/_local_setup_util_ps1.py'
[9.779s] INFO:colcon.colcon_core.shell:Creating prefix chain script '/root/HRD_ws/ros2_ws/src/motion_planning/install/setup.ps1'
[9.781s] INFO:colcon.colcon_core.shell:Creating prefix script '/root/HRD_ws/ros2_ws/src/motion_planning/install/local_setup.sh'
[9.781s] INFO:colcon.colcon_core.shell:Creating prefix util module '/root/HRD_ws/ros2_ws/src/motion_planning/install/_local_setup_util_sh.py'
[9.782s] INFO:colcon.colcon_core.shell:Creating prefix chain script '/root/HRD_ws/ros2_ws/src/motion_planning/install/setup.sh'
[9.783s] INFO:colcon.colcon_core.shell:Creating prefix script '/root/HRD_ws/ros2_ws/src/motion_planning/install/local_setup.bash'
[9.784s] INFO:colcon.colcon_core.shell:Creating prefix chain script '/root/HRD_ws/ros2_ws/src/motion_planning/install/setup.bash'
[9.786s] INFO:colcon.colcon_core.shell:Creating prefix script '/root/HRD_ws/ros2_ws/src/motion_planning/install/local_setup.zsh'
[9.786s] INFO:colcon.colcon_core.shell:Creating prefix chain script '/root/HRD_ws/ros2_ws/src/motion_planning/install/setup.zsh'
